2026-01-20 10:45:54,739 - INFO - Attempt 1: fetching 3 users from https://jsonplaceholder.typicode.com/INVALID
2026-01-20 10:45:55,427 - ERROR - Attempt 1 failed: 404 Client Error: Not Found for url: https://jsonplaceholder.typicode.com/INVALID
2026-01-20 10:46:00,427 - INFO - Attempt 2: fetching 3 users from https://jsonplaceholder.typicode.com/INVALID
2026-01-20 10:46:00,734 - ERROR - Attempt 2 failed: 404 Client Error: Not Found for url: https://jsonplaceholder.typicode.com/INVALID
2026-01-20 10:46:05,734 - INFO - Attempt 3: fetching 3 users from https://jsonplaceholder.typicode.com/INVALID
2026-01-20 10:46:06,040 - ERROR - Attempt 3 failed: 404 Client Error: Not Found for url: https://jsonplaceholder.typicode.com/INVALID
2026-01-20 10:46:11,040 - ERROR - Script failed: Failed to fetch data from API after 3 attempts
2026-01-20 10:54:17,078 - INFO - Attempt 1: fetching 5 users from https://jsonplaceholder.typicode.com/INVALID
2026-01-20 10:54:17,390 - ERROR - Attempt 1 failed: 404 Client Error: Not Found for url: https://jsonplaceholder.typicode.com/INVALID
2026-01-20 10:54:22,391 - INFO - Attempt 2: fetching 5 users from https://jsonplaceholder.typicode.com/INVALID
2026-01-20 10:54:22,686 - ERROR - Attempt 2 failed: 404 Client Error: Not Found for url: https://jsonplaceholder.typicode.com/INVALID
2026-01-20 10:54:27,686 - INFO - Attempt 3: fetching 5 users from https://jsonplaceholder.typicode.com/INVALID
2026-01-20 10:54:27,981 - ERROR - Attempt 3 failed: 404 Client Error: Not Found for url: https://jsonplaceholder.typicode.com/INVALID
2026-01-20 10:54:32,983 - ERROR - Script failed: Failed to fetch data from API after 3 attempts
2026-01-20 10:56:42,966 - INFO - Attempt 1: fetching 5 users from https://jsonplaceholder.typicode.com/users
2026-01-20 10:56:43,311 - INFO - Script completed successfully
2026-01-20 10:57:31,126 - INFO - Attempt 1: fetching 3 users from https://jsonplaceholder.typicode.com/users
2026-01-20 10:57:31,466 - INFO - Script completed successfully
2026-01-20 10:58:20,119 - INFO - Attempt 1: fetching 3 users from https://jsonplaceholder.typicode.com/INVALID
2026-01-20 10:58:20,412 - ERROR - Attempt 1 failed: 404 Client Error: Not Found for url: https://jsonplaceholder.typicode.com/INVALID
2026-01-20 10:58:25,413 - INFO - Attempt 2: fetching 3 users from https://jsonplaceholder.typicode.com/INVALID
2026-01-20 10:58:25,699 - ERROR - Attempt 2 failed: 404 Client Error: Not Found for url: https://jsonplaceholder.typicode.com/INVALID
2026-01-20 10:58:30,700 - INFO - Attempt 3: fetching 3 users from https://jsonplaceholder.typicode.com/INVALID
2026-01-20 10:58:30,995 - ERROR - Attempt 3 failed: 404 Client Error: Not Found for url: https://jsonplaceholder.typicode.com/INVALID
2026-01-20 10:58:35,995 - ERROR - Script failed: Failed to fetch data from API after 3 attempts
2026-01-21 16:15:27,617 - INFO - Attempt 1: fetching 10 users from GET https://jsonplaceholder.typicode.com/users/{id}
2026-01-21 16:15:27,618 - ERROR - Attempt 1 failed: No connection adapters were found for 'GET https://jsonplaceholder.typicode.com/users/{id}'
2026-01-21 16:15:32,619 - INFO - Attempt 2: fetching 10 users from GET https://jsonplaceholder.typicode.com/users/{id}
2026-01-21 16:15:32,619 - ERROR - Attempt 2 failed: No connection adapters were found for 'GET https://jsonplaceholder.typicode.com/users/{id}'
2026-01-21 16:15:37,620 - INFO - Attempt 3: fetching 10 users from GET https://jsonplaceholder.typicode.com/users/{id}
2026-01-21 16:15:37,620 - ERROR - Attempt 3 failed: No connection adapters were found for 'GET https://jsonplaceholder.typicode.com/users/{id}'
2026-01-21 16:15:42,621 - ERROR - Script failed: Failed to fetch data from API after 3 attempts
2026-01-21 16:35:04,228 - INFO - Script started
2026-01-21 16:35:04,228 - INFO - Attempt 1: fetching user 1
2026-01-21 16:35:04,574 - INFO - Attempt 1: fetching user 3
2026-01-21 16:35:05,223 - INFO - Attempt 1: fetching user 5
2026-01-21 16:35:06,017 - INFO - Attempt 1: fetching user 8
2026-01-21 16:35:06,334 - INFO - Attempt 1: fetching user 20
2026-01-21 16:35:06,994 - ERROR - User 20, attempt 1 failed: 404 Client Error: Not Found for url: https://jsonplaceholder.typicode.com/users/20
2026-01-21 16:35:09,995 - INFO - Attempt 2: fetching user 20
2026-01-21 16:35:10,292 - ERROR - User 20, attempt 2 failed: 404 Client Error: Not Found for url: https://jsonplaceholder.typicode.com/users/20
2026-01-21 16:35:13,293 - INFO - Attempt 3: fetching user 20
2026-01-21 16:35:13,596 - ERROR - User 20, attempt 3 failed: 404 Client Error: Not Found for url: https://jsonplaceholder.typicode.com/users/20
2026-01-21 16:35:16,609 - ERROR - User 20 skipped after 3 attempts
2026-01-21 16:35:16,610 - INFO - Script finished successfully
2026-01-21 16:35:16,784 - INFO - Script started
2026-01-21 16:35:16,784 - INFO - Attempt 1: fetching user 1
2026-01-21 16:35:17,085 - INFO - Attempt 1: fetching user 3
2026-01-21 16:35:17,381 - INFO - Attempt 1: fetching user 5
2026-01-21 16:35:17,665 - INFO - Attempt 1: fetching user 8
2026-01-21 16:35:17,957 - INFO - Attempt 1: fetching user 20
2026-01-21 16:35:18,264 - ERROR - User 20, attempt 1 failed: 404 Client Error: Not Found for url: https://jsonplaceholder.typicode.com/users/20
2026-01-21 16:35:21,264 - INFO - Attempt 2: fetching user 20
2026-01-21 16:35:21,583 - ERROR - User 20, attempt 2 failed: 404 Client Error: Not Found for url: https://jsonplaceholder.typicode.com/users/20
2026-01-21 16:35:24,583 - INFO - Attempt 3: fetching user 20
2026-01-21 16:35:24,896 - ERROR - User 20, attempt 3 failed: 404 Client Error: Not Found for url: https://jsonplaceholder.typicode.com/users/20
2026-01-21 16:35:27,896 - ERROR - User 20 skipped after 3 attempts
2026-01-21 16:35:27,898 - INFO - Script finished successfully
2026-01-21 16:35:28,083 - INFO - Script started
2026-01-21 16:35:28,084 - INFO - Attempt 1: fetching user 1
2026-01-21 16:35:28,410 - INFO - Attempt 1: fetching user 3
2026-01-21 16:35:28,709 - INFO - Attempt 1: fetching user 5
2026-01-21 16:35:29,014 - INFO - Attempt 1: fetching user 8
2026-01-21 16:35:29,329 - INFO - Attempt 1: fetching user 20
2026-01-21 16:35:29,630 - ERROR - User 20, attempt 1 failed: 404 Client Error: Not Found for url: https://jsonplaceholder.typicode.com/users/20
2026-01-21 16:35:32,630 - INFO - Attempt 2: fetching user 20
2026-01-21 16:35:32,939 - ERROR - User 20, attempt 2 failed: 404 Client Error: Not Found for url: https://jsonplaceholder.typicode.com/users/20
2026-01-21 16:35:35,940 - INFO - Attempt 3: fetching user 20
2026-01-21 16:35:36,254 - ERROR - User 20, attempt 3 failed: 404 Client Error: Not Found for url: https://jsonplaceholder.typicode.com/users/20
2026-01-21 16:35:39,255 - ERROR - User 20 skipped after 3 attempts
2026-01-21 16:35:39,256 - INFO - Script finished successfully
2026-01-21 16:43:20,656 - INFO - Script started
2026-01-21 16:43:20,656 - INFO - Attempt 1: fetching user 1
2026-01-21 16:43:20,990 - INFO - Attempt 1: fetching user 3
2026-01-21 16:43:21,316 - INFO - Attempt 1: fetching user 5
2026-01-21 16:43:21,647 - INFO - Attempt 1: fetching user 8
2026-01-21 16:43:21,953 - INFO - Attempt 1: fetching user 20
2026-01-21 16:43:22,278 - ERROR - User 20, attempt 1 failed: 404 Client Error: Not Found for url: https://jsonplaceholder.typicode.com/users/20
2026-01-21 16:43:25,278 - INFO - Attempt 2: fetching user 20
2026-01-21 16:43:25,585 - ERROR - User 20, attempt 2 failed: 404 Client Error: Not Found for url: https://jsonplaceholder.typicode.com/users/20
2026-01-21 16:43:28,586 - INFO - Attempt 3: fetching user 20
2026-01-21 16:43:28,894 - ERROR - User 20, attempt 3 failed: 404 Client Error: Not Found for url: https://jsonplaceholder.typicode.com/users/20
2026-01-21 16:43:31,894 - ERROR - User 20 skipped after 3 attempts
2026-01-21 16:43:31,895 - INFO - Script finished successfully
2026-01-21 16:47:31,886 - INFO - Script started
2026-01-21 16:47:31,887 - INFO - Attempt 1: fetching user 1
2026-01-21 16:47:32,232 - INFO - Attempt 1: fetching user 3
2026-01-21 16:47:32,525 - INFO - Attempt 1: fetching user 5
2026-01-21 16:47:32,840 - INFO - Attempt 1: fetching user 8
2026-01-21 16:47:33,139 - INFO - Attempt 1: fetching user 20
2026-01-21 16:47:33,451 - ERROR - User 20, attempt 1 failed: 404 Client Error: Not Found for url: https://jsonplaceholder.typicode.com/users/20
2026-01-21 16:47:35,452 - INFO - Attempt 2: fetching user 20
2026-01-21 16:47:35,743 - ERROR - User 20, attempt 2 failed: 404 Client Error: Not Found for url: https://jsonplaceholder.typicode.com/users/20
2026-01-21 16:47:37,743 - INFO - Attempt 3: fetching user 20
2026-01-21 16:47:38,040 - ERROR - User 20, attempt 3 failed: 404 Client Error: Not Found for url: https://jsonplaceholder.typicode.com/users/20
2026-01-21 16:47:40,041 - INFO - Attempt 4: fetching user 20
2026-01-21 16:47:40,338 - ERROR - User 20, attempt 4 failed: 404 Client Error: Not Found for url: https://jsonplaceholder.typicode.com/users/20
2026-01-21 16:47:42,338 - INFO - Attempt 5: fetching user 20
2026-01-21 16:47:42,631 - ERROR - User 20, attempt 5 failed: 404 Client Error: Not Found for url: https://jsonplaceholder.typicode.com/users/20
2026-01-21 16:47:44,631 - ERROR - User 20 skipped after 5 attempts
2026-01-21 16:47:44,632 - INFO - Script finished successfully
2026-01-21 16:54:56,218 - INFO - Script started
2026-01-21 16:54:56,218 - INFO - Attempt 1: fetching user 1
2026-01-21 16:54:56,540 - INFO - Attempt 1: fetching user 3
2026-01-21 16:54:56,846 - INFO - Attempt 1: fetching user 5
2026-01-21 16:54:57,140 - INFO - Attempt 1: fetching user 8
2026-01-21 16:54:57,447 - INFO - Attempt 1: fetching user 20
2026-01-21 16:54:57,756 - ERROR - User 20, attempt 1 failed: 404 Client Error: Not Found for url: https://jsonplaceholder.typicode.com/users/20
2026-01-21 16:55:00,756 - INFO - Attempt 2: fetching user 20
2026-01-21 16:55:01,058 - ERROR - User 20, attempt 2 failed: 404 Client Error: Not Found for url: https://jsonplaceholder.typicode.com/users/20
2026-01-21 16:55:04,059 - INFO - Attempt 3: fetching user 20
2026-01-21 16:55:04,369 - ERROR - User 20, attempt 3 failed: 404 Client Error: Not Found for url: https://jsonplaceholder.typicode.com/users/20
2026-01-21 16:55:07,370 - ERROR - User 20 skipped after 3 attempts
2026-01-21 16:55:38,802 - INFO - Script started
2026-01-21 16:55:38,802 - INFO - Attempt 1: fetching user 1
2026-01-21 16:55:39,114 - INFO - Attempt 1: fetching user 3
2026-01-21 16:55:39,412 - INFO - Attempt 1: fetching user 5
2026-01-21 16:55:39,713 - INFO - Attempt 1: fetching user 8
2026-01-21 16:55:40,000 - INFO - Attempt 1: fetching user 20
2026-01-21 16:55:40,289 - ERROR - User 20, attempt 1 failed: 404 Client Error: Not Found for url: https://jsonplaceholder.typicode.com/users/20
2026-01-21 16:55:43,289 - INFO - Attempt 2: fetching user 20
2026-01-21 16:55:43,627 - ERROR - User 20, attempt 2 failed: 404 Client Error: Not Found for url: https://jsonplaceholder.typicode.com/users/20
2026-01-21 16:55:46,627 - INFO - Attempt 3: fetching user 20
2026-01-21 16:55:46,921 - ERROR - User 20, attempt 3 failed: 404 Client Error: Not Found for url: https://jsonplaceholder.typicode.com/users/20
2026-01-21 16:55:49,921 - ERROR - User 20 skipped after 3 attempts
2026-01-21 16:56:46,447 - INFO - Script started
2026-01-21 16:56:46,447 - INFO - Attempt 1: fetching user 1
2026-01-21 16:56:46,771 - INFO - Attempt 1: fetching user 3
2026-01-21 16:56:47,086 - INFO - Attempt 1: fetching user 5
2026-01-21 16:56:47,414 - INFO - Attempt 1: fetching user 8
2026-01-21 16:56:47,734 - INFO - Attempt 1: fetching user 20
2026-01-21 16:56:48,079 - ERROR - User 20, attempt 1 failed: 404 Client Error: Not Found for url: https://jsonplaceholder.typicode.com/users/20
2026-01-21 16:56:51,079 - INFO - Attempt 2: fetching user 20
2026-01-21 16:56:51,388 - ERROR - User 20, attempt 2 failed: 404 Client Error: Not Found for url: https://jsonplaceholder.typicode.com/users/20
2026-01-21 16:56:54,388 - INFO - Attempt 3: fetching user 20
2026-01-21 16:56:54,703 - ERROR - User 20, attempt 3 failed: 404 Client Error: Not Found for url: https://jsonplaceholder.typicode.com/users/20
2026-01-21 16:56:57,704 - ERROR - User 20 skipped after 3 attempts
2026-01-21 16:58:34,319 - INFO - Script started
2026-01-21 16:58:34,319 - INFO - Attempt 1: fetching user 1
2026-01-21 16:58:34,620 - INFO - Attempt 1: fetching user 3
2026-01-21 16:58:34,931 - INFO - Attempt 1: fetching user 5
2026-01-21 16:58:35,222 - INFO - Attempt 1: fetching user 8
2026-01-21 16:58:35,533 - INFO - Attempt 1: fetching user 20
2026-01-21 16:58:35,826 - ERROR - User 20, attempt 1 failed: 404 Client Error: Not Found for url: https://jsonplaceholder.typicode.com/users/20
2026-01-21 16:58:38,826 - INFO - Attempt 2: fetching user 20
2026-01-21 16:58:39,123 - ERROR - User 20, attempt 2 failed: 404 Client Error: Not Found for url: https://jsonplaceholder.typicode.com/users/20
2026-01-21 16:58:42,123 - INFO - Attempt 3: fetching user 20
2026-01-21 16:58:42,422 - ERROR - User 20, attempt 3 failed: 404 Client Error: Not Found for url: https://jsonplaceholder.typicode.com/users/20
2026-01-21 16:58:45,423 - ERROR - User 20 skipped after 3 attempts
2026-01-21 16:58:45,424 - WARNING - Failed IDs saved: 1
2026-01-21 16:58:45,424 - INFO - Script finished successfully
